[INFO] Scanning for projects...
[INFO] 
[INFO] ----------------------< com.microshop:microShop >-----------------------
[INFO] Building microShop-1.0-SNAPSHOT 1.0-SNAPSHOT
[INFO]   from pom.xml
[INFO] --------------------------------[ war ]---------------------------------
[INFO] 
[INFO] --- clean:3.2.0:clean (default-clean) @ microShop ---
[INFO] Deleting C:\Users\os\Desktop\old_prj\microShop\target
[INFO] 
[INFO] --- resources:3.3.1:resources (default-resources) @ microShop ---
[INFO] Copying 1 resource from src\main\resources to target\classes
[INFO] 
[INFO] --- compiler:3.12.1:compile (default-compile) @ microShop ---
[INFO] Recompiling the module because of changed source code.
[INFO] Compiling 59 source files with javac [debug target 17] to target\classes
[WARNING] system modules path not set in conjunction with -source 17
[INFO] /C:/Users/os/Desktop/old_prj/microShop/src/main/java/com/microshop/listener/SessionDestroyListener.java: Some input files use unchecked or unsafe operations.
[INFO] /C:/Users/os/Desktop/old_prj/microShop/src/main/java/com/microshop/listener/SessionDestroyListener.java: Recompile with -Xlint:unchecked for details.
[INFO] 
[INFO] >>> pmd:3.21.2:check (default-cli) > :pmd @ microShop >>>
[INFO] 
[INFO] --- pmd:3.21.2:pmd (pmd) @ microShop ---
[WARNING] Unable to locate Source XRef to link to - DISABLED
[WARNING] Unable to locate Source XRef to link to - DISABLED
[INFO] PMD version: 6.55.0
[WARNING] Use of deprecated attribute 'VariableDeclaratorId/@Image' by XPath rule 'FinalFieldCouldBeStatic' (in ruleset 'Design'), please use @Name instead
[INFO] Rendering content with org.apache.maven.skins:maven-default-skin:jar:1.3 skin.
[INFO] 
[INFO] <<< pmd:3.21.2:check (default-cli) < :pmd @ microShop <<<
[INFO] 
[INFO] 
[INFO] --- pmd:3.21.2:check (default-cli) @ microShop ---
[INFO] PMD version: 6.55.0
[INFO] PMD Failure: com.microshop.context.DBContext:9 Rule:ClassWithOnlyPrivateConstructorsShouldBeFinal Priority:1 A class which only has private constructors should be final.
[INFO] PMD Failure: com.microshop.context.DBContext:47 Rule:PreserveStackTrace Priority:3 New exception is thrown in catch block, original stack trace may be lost.
[INFO] PMD Failure: com.microshop.controller.AdminGameAccountServlet:54 Rule:SingularField Priority:3 Perhaps 'danhMucDAO' could be replaced by a local variable..
[INFO] PMD Failure: com.microshop.controller.AdminGameAccountServlet:62 Rule:FinalFieldCouldBeStatic Priority:3 This final field could be made static.
[INFO] PMD Failure: com.microshop.controller.AdminGameAccountServlet:113 Rule:SwitchStmtsShouldHaveDefault Priority:3 Switch statements should be exhaustive, add a default case (or missing enum branches).
[INFO] PMD Failure: com.microshop.controller.AdminGameAccountServlet:242 Rule:UselessParentheses Priority:4 Useless parentheses..
[INFO] PMD Failure: com.microshop.controller.AdminOrderServlet:47 Rule:LiteralsFirstInComparisons Priority:3 Position literals first in String comparisons.
[INFO] PMD Failure: com.microshop.controller.AdminOrderServlet:60 Rule:LiteralsFirstInComparisons Priority:3 Position literals first in String comparisons.
[INFO] PMD Failure: com.microshop.controller.AdminSteamGameServlet:44 Rule:FinalFieldCouldBeStatic Priority:3 This final field could be made static.
[INFO] PMD Failure: com.microshop.controller.AdminSteamGameServlet:79 Rule:SwitchStmtsShouldHaveDefault Priority:3 Switch statements should be exhaustive, add a default case (or missing enum branches).
[INFO] PMD Failure: com.microshop.controller.AdminSteamGameServlet:89 Rule:AvoidInstanceofChecksInCatchClause Priority:3 An instanceof check is being performed on the caught exception.  Create a separate catch clause for this exception type..
[INFO] PMD Failure: com.microshop.controller.AdminSteamGameServlet:89 Rule:AvoidInstanceofChecksInCatchClause Priority:3 An instanceof check is being performed on the caught exception.  Create a separate catch clause for this exception type..
[INFO] PMD Failure: com.microshop.controller.AdminSteamGameServlet:89 Rule:AvoidInstanceofChecksInCatchClause Priority:3 An instanceof check is being performed on the caught exception.  Create a separate catch clause for this exception type..
[INFO] PMD Failure: com.microshop.controller.AdminSteamGameServlet:145 Rule:UseCollectionIsEmpty Priority:3 Substitute calls to size() == 0 (or size() != 0, size() > 0, size() < 1) with calls to isEmpty().
[INFO] PMD Failure: com.microshop.controller.AdminSteamGameServlet:190 Rule:UselessParentheses Priority:4 Useless parentheses..
[INFO] PMD Failure: com.microshop.controller.AdminSteamGameServlet:217 Rule:UselessParentheses Priority:4 Useless parentheses..
[INFO] PMD Failure: com.microshop.controller.AdminSteamGameServlet:233 Rule:UselessParentheses Priority:4 Useless parentheses..
[INFO] PMD Failure: com.microshop.controller.AdminSteamGameServlet:250 Rule:UselessParentheses Priority:4 Useless parentheses..
[INFO] PMD Failure: com.microshop.controller.HomeServlet:13 Rule:UnnecessaryImport Priority:4 Unused import 'com.microshop.model.AnhTaiKhoan'.
[INFO] PMD Failure: com.microshop.controller.HomeServlet:14 Rule:UnnecessaryImport Priority:4 Unused import 'com.microshop.dao.AnhTaiKhoanDAO'.
[INFO] PMD Failure: com.microshop.controller.HomeServlet:16 Rule:UnnecessaryImport Priority:4 Unused import 'java.time.LocalDateTime'.
[INFO] PMD Failure: com.microshop.controller.HomeServlet:17 Rule:UnnecessaryImport Priority:4 Unused import 'java.math.BigDecimal'.
[INFO] PMD Failure: com.microshop.controller.PaymentExecuteServlet:50 Rule:FinalFieldCouldBeStatic Priority:3 This final field could be made static.
[INFO] PMD Failure: com.microshop.controller.PaymentExecuteServlet:127 Rule:UselessParentheses Priority:4 Useless parentheses..
[INFO] PMD Failure: com.microshop.controller.PaymentExecuteServlet:128 Rule:UselessParentheses Priority:4 Useless parentheses..
[INFO] PMD Failure: com.microshop.controller.PaymentExecuteServlet:168 Rule:LocalVariableNamingConventions Priority:1 The local variable name 'tk_chua_game' doesn't match '[a-z][a-zA-Z0-9]*'.
[INFO] PMD Failure: com.microshop.controller.PaymentExecuteServlet:249 Rule:UseLocaleWithCaseConversions Priority:3 When doing a String.toLowerCase()/toUpperCase() call, use a Locale.
[INFO] PMD Failure: com.microshop.controller.PaymentInitiateServlet:40 Rule:FinalFieldCouldBeStatic Priority:3 This final field could be made static.
[INFO] PMD Failure: com.microshop.controller.PaymentInitiateServlet:48 Rule:CloseResource Priority:3 Ensure that resources like this PrintWriter object are closed after use.
[INFO] PMD Failure: com.microshop.controller.PaymentInitiateServlet:193 Rule:ControlStatementBraces Priority:3 This statement should have braces.
[INFO] PMD Failure: com.microshop.controller.PaymentInitiateServlet:195 Rule:EmptyCatchBlock Priority:3 Avoid empty catch blocks.
[INFO] PMD Failure: com.microshop.controller.PaymentInitiateServlet:200 Rule:ControlStatementBraces Priority:3 This statement should have braces.
[INFO] PMD Failure: com.microshop.controller.PaymentInitiateServlet:202 Rule:EmptyCatchBlock Priority:3 Avoid empty catch blocks.
[INFO] PMD Failure: com.microshop.controller.PaymentSuccessServlet:19 Rule:UnnecessaryImport Priority:4 Unused import 'java.sql.SQLException'.
[INFO] PMD Failure: com.microshop.controller.PaymentSuccessServlet:73 Rule:LocalVariableNamingConventions Priority:1 The local variable name 'current_status' doesn't match '[a-z][a-zA-Z0-9]*'.
[INFO] PMD Failure: com.microshop.controller.PaymentSuccessServlet:74 Rule:LiteralsFirstInComparisons Priority:3 Position literals first in String comparisons.
[INFO] PMD Failure: com.microshop.controller.PaymentSuccessServlet:89 Rule:LocalVariableNamingConventions Priority:1 The local variable name 'current_status' doesn't match '[a-z][a-zA-Z0-9]*'.
[INFO] PMD Failure: com.microshop.controller.PaymentSuccessServlet:90 Rule:LiteralsFirstInComparisons Priority:3 Position literals first in String comparisons.
[INFO] PMD Failure: com.microshop.controller.RegisterServlet:82 Rule:UselessParentheses Priority:4 Useless parentheses..
[INFO] PMD Failure: com.microshop.controller.RegisterServlet:83 Rule:UselessParentheses Priority:4 Useless parentheses..
[INFO] PMD Failure: com.microshop.controller.SteamGameServlet:38 Rule:LiteralsFirstInComparisons Priority:3 Position literals first in String comparisons.
[INFO] PMD Failure: com.microshop.controller.TaiKhoanGameServlet:29 Rule:LiteralsFirstInComparisons Priority:3 Position literals first in String comparisons.
[INFO] PMD Failure: com.microshop.controller.TaiKhoanGameServlet:45 Rule:ControlStatementBraces Priority:3 This statement should have braces.
[INFO] PMD Failure: com.microshop.controller.TaiKhoanGameServlet:47 Rule:UseLocaleWithCaseConversions Priority:3 When doing a String.toLowerCase()/toUpperCase() call, use a Locale.
[INFO] PMD Failure: com.microshop.controller.TaiKhoanGameServlet:104 Rule:UseLocaleWithCaseConversions Priority:3 When doing a String.toLowerCase()/toUpperCase() call, use a Locale.
[INFO] PMD Failure: com.microshop.controller.ViewPurchasedAccountServlet:6 Rule:UnnecessaryImport Priority:4 Unused import 'com.microshop.dao.HangThanhVienDAO'.
[INFO] PMD Failure: com.microshop.controller.ViewPurchasedAccountServlet:74 Rule:LocalVariableNamingConventions Priority:1 The local variable name 'MaTaiKhoan' doesn't match '[a-z][a-zA-Z0-9]*'.
[INFO] PMD Failure: com.microshop.controller.ViewPurchasedAccountServlet:75 Rule:LocalVariableNamingConventions Priority:1 The local variable name 'TenGame' doesn't match '[a-z][a-zA-Z0-9]*'.
[INFO] PMD Failure: com.microshop.controller.ViewPurchasedAccountServlet:77 Rule:LocalVariableNamingConventions Priority:1 The local variable name 'TenDangNhap' doesn't match '[a-z][a-zA-Z0-9]*'.
[INFO] PMD Failure: com.microshop.controller.ViewPurchasedAccountServlet:78 Rule:LocalVariableNamingConventions Priority:1 The local variable name 'MatKhau' doesn't match '[a-z][a-zA-Z0-9]*'.
[INFO] PMD Failure: com.microshop.dao.DonHangDAO:192 Rule:UselessParentheses Priority:4 Useless parentheses..
[INFO] PMD Failure: com.microshop.dao.DonHangSlotSteamDAO:171 Rule:UselessParentheses Priority:4 Useless parentheses..
[INFO] PMD Failure: com.microshop.dao.TaiKhoanDAO:158 Rule:OneDeclarationPerLine Priority:4 Use one line for each declaration, it enhances code readability..
[INFO] PMD Failure: com.microshop.dao.TaiKhoanFreeFireDAO:138 Rule:SimplifiedTernary Priority:3 Ternary operators that can be simplified with || or &&.
[INFO] PMD Failure: com.microshop.dao.TaiKhoanFreeFireDAO:169 Rule:SimplifiedTernary Priority:3 Ternary operators that can be simplified with || or &&.
[INFO] PMD Failure: com.microshop.listener.OrderCleanupTask:21 Rule:UnusedPrivateField Priority:3 Avoid unused private fields such as 'donHangDAO'..
[INFO] PMD Failure: com.microshop.listener.OrderCleanupTask:21 Rule:SingularField Priority:3 Perhaps 'donHangDAO' could be replaced by a local variable..
[INFO] PMD Failure: com.microshop.listener.OrderCleanupTask:22 Rule:UnusedPrivateField Priority:3 Avoid unused private fields such as 'donHangSlotSteamDAO'..
[INFO] PMD Failure: com.microshop.listener.OrderCleanupTask:22 Rule:SingularField Priority:3 Perhaps 'donHangSlotSteamDAO' could be replaced by a local variable..
[INFO] PMD Failure: com.microshop.listener.OrderCleanupTask:110 Rule:ControlStatementBraces Priority:3 This statement should have braces.
[INFO] PMD Failure: com.microshop.listener.OrderCleanupTask:122 Rule:GuardLogStatement Priority:2 Logger calls should be surrounded by log level guards..
[INFO] PMD Failure: com.microshop.listener.OrderCleanupTask:196 Rule:ControlStatementBraces Priority:3 This statement should have braces.
[INFO] PMD Failure: com.microshop.listener.OrderCleanupTask:208 Rule:GuardLogStatement Priority:2 Logger calls should be surrounded by log level guards..
[INFO] PMD Failure: com.microshop.listener.SessionDestroyListener:13 Rule:UnnecessaryImport Priority:4 Unused import 'java.time.LocalDateTime'.
[INFO] PMD Failure: com.microshop.listener.SessionDestroyListener:48 Rule:LiteralsFirstInComparisons Priority:3 Position literals first in String comparisons.
[INFO] PMD Failure: com.microshop.listener.SessionDestroyListener:74 Rule:LiteralsFirstInComparisons Priority:3 Position literals first in String comparisons.
[INFO] PMD Failure: com.microshop.listener.SessionDestroyListener:103 Rule:UncommentedEmptyMethodBody Priority:3 Document empty method body.
[INFO] PMD Failure: com.microshop.model.AnhTaiKhoan:9 Rule:UncommentedEmptyConstructor Priority:3 Document empty constructor.
[INFO] PMD Failure: com.microshop.model.BaiVietGioiThieu:15 Rule:UncommentedEmptyConstructor Priority:3 Document empty constructor.
[INFO] PMD Failure: com.microshop.model.DanhMuc:10 Rule:UncommentedEmptyConstructor Priority:3 Document empty constructor.
[INFO] PMD Failure: com.microshop.model.DonHang:17 Rule:UncommentedEmptyConstructor Priority:3 Document empty constructor.
[INFO] PMD Failure: com.microshop.model.DonHangSlotSteam:18 Rule:UncommentedEmptyConstructor Priority:3 Document empty constructor.
[INFO] PMD Failure: com.microshop.model.GameSteam:19 Rule:UncommentedEmptyConstructor Priority:3 Document empty constructor.
[INFO] PMD Failure: com.microshop.model.GameTaiKhoanSteam:8 Rule:UncommentedEmptyConstructor Priority:3 Document empty constructor.
[INFO] PMD Failure: com.microshop.model.HangThanhVien:15 Rule:UncommentedEmptyConstructor Priority:3 Document empty constructor.
[INFO] PMD Failure: com.microshop.model.NguoiDung:21 Rule:UncommentedEmptyConstructor Priority:3 Document empty constructor.
[INFO] PMD Failure: com.microshop.model.TaiKhoan:18 Rule:UncommentedEmptyConstructor Priority:3 Document empty constructor.
[INFO] PMD Failure: com.microshop.model.TaiKhoanSteam:11 Rule:UncommentedEmptyConstructor Priority:3 Document empty constructor.
[INFO] PMD Failure: com.microshop.util.PasswordUtils:5 Rule:UseUtilityClass Priority:3 All methods are static.  Consider using a utility class instead. Alternatively, you could add a private constructor or make the class abstract to silence this warning..
[INFO] PMD Failure: com.microshop.util.PhoneValidator:3 Rule:UseUtilityClass Priority:3 All methods are static.  Consider using a utility class instead. Alternatively, you could add a private constructor or make the class abstract to silence this warning..
[INFO] You have 80 PMD violations. For more details see: C:\Users\os\Desktop\old_prj\microShop\audit-reports\pmd.xml
[INFO] 
[INFO] >>> spotbugs:4.8.3.1:check (default-cli) > :spotbugs @ microShop >>>
[INFO] 
[INFO] --- spotbugs:4.8.3.1:spotbugs (spotbugs) @ microShop ---
[INFO] Fork Value is true
[INFO] Done SpotBugs Analysis....
[INFO] 
[INFO] <<< spotbugs:4.8.3.1:check (default-cli) < :spotbugs @ microShop <<<
[INFO] 
[INFO] 
[INFO] --- spotbugs:4.8.3.1:check (default-cli) @ microShop ---
[INFO] BugInstance size is 114
[INFO] Error size is 0
[INFO] Total bugs: 114
[ERROR] Medium: Format string should use %n rather than \n in com.microshop.context.DongConnectionPool.contextInitialized(ServletContextEvent) [com.microshop.context.DongConnectionPool] At DongConnectionPool.java:[line 36] VA_FORMAT_STRING_USES_NEWLINE
[ERROR] Low: Exception is caught when Exception is not thrown in com.microshop.controller.AdminDashboardServlet.doGet(HttpServletRequest, HttpServletResponse) [com.microshop.controller.AdminDashboardServlet] At AdminDashboardServlet.java:[line 79] REC_CATCH_EXCEPTION
[ERROR] Medium: Class com.microshop.controller.AdminDashboardServlet defines non-transient non-serializable instance field donHangDAO [com.microshop.controller.AdminDashboardServlet] In AdminDashboardServlet.java SE_BAD_FIELD
[ERROR] Medium: Class com.microshop.controller.AdminDashboardServlet defines non-transient non-serializable instance field donHangSlotSteamDAO [com.microshop.controller.AdminDashboardServlet] In AdminDashboardServlet.java SE_BAD_FIELD
[ERROR] Medium: Class com.microshop.controller.AdminDashboardServlet defines non-transient non-serializable instance field nguoiDungDAO [com.microshop.controller.AdminDashboardServlet] In AdminDashboardServlet.java SE_BAD_FIELD
[ERROR] Medium: Class com.microshop.controller.AdminDashboardServlet defines non-transient non-serializable instance field taiKhoanDAO [com.microshop.controller.AdminDashboardServlet] In AdminDashboardServlet.java SE_BAD_FIELD
[ERROR] Low: com.microshop.controller.AdminDashboardServlet is Serializable; consider declaring a serialVersionUID [com.microshop.controller.AdminDashboardServlet] At AdminDashboardServlet.java:[lines 19-83] SE_NO_SERIALVERSIONID
[ERROR] Medium: Hard coded reference to an absolute pathname in com.microshop.controller.AdminGameAccountServlet.init() [com.microshop.controller.AdminGameAccountServlet] At AdminGameAccountServlet.java:[line 80] DMI_HARDCODED_ABSOLUTE_FILENAME
[ERROR] Medium: Possible null pointer dereference in com.microshop.controller.AdminGameAccountServlet.deleteFile(String) due to return value of called method [com.microshop.controller.AdminGameAccountServlet, com.microshop.controller.AdminGameAccountServlet] Dereferenced at AdminGameAccountServlet.java:[line 402]Known null at AdminGameAccountServlet.java:[line 402] NP_NULL_ON_SOME_PATH_FROM_RETURN_VALUE
[ERROR] Medium: Possible null pointer dereference in com.microshop.controller.AdminGameAccountServlet.saveFile(Part) due to return value of called method [com.microshop.controller.AdminGameAccountServlet, com.microshop.controller.AdminGameAccountServlet] Dereferenced at AdminGameAccountServlet.java:[line 382]Known null at AdminGameAccountServlet.java:[line 382] NP_NULL_ON_SOME_PATH_FROM_RETURN_VALUE
[ERROR] Low: Redundant nullcheck of listAnh, which is known to be non-null in com.microshop.controller.AdminGameAccountServlet.deleteGameAccount(HttpServletRequest, HttpServletResponse) [com.microshop.controller.AdminGameAccountServlet] Redundant null check at AdminGameAccountServlet.java:[line 160] RCN_REDUNDANT_NULLCHECK_OF_NONNULL_VALUE
[ERROR] Medium: Exception is caught when Exception is not thrown in com.microshop.controller.AdminGameAccountServlet.saveGameAccount(HttpServletRequest, HttpServletResponse) [com.microshop.controller.AdminGameAccountServlet] At AdminGameAccountServlet.java:[line 350] REC_CATCH_EXCEPTION
[ERROR] Low: Exception is caught when Exception is not thrown in com.microshop.controller.AdminGameAccountServlet.doPost(HttpServletRequest, HttpServletResponse) [com.microshop.controller.AdminGameAccountServlet] At AdminGameAccountServlet.java:[line 121] REC_CATCH_EXCEPTION
[ERROR] Medium: Exceptional return value of java.io.File.delete() ignored in com.microshop.controller.AdminGameAccountServlet.deleteFile(String) [com.microshop.controller.AdminGameAccountServlet] At AdminGameAccountServlet.java:[line 407] RV_RETURN_VALUE_IGNORED_BAD_PRACTICE
[ERROR] Medium: Exceptional return value of java.io.File.mkdirs() ignored in com.microshop.controller.AdminGameAccountServlet.init() [com.microshop.controller.AdminGameAccountServlet] At AdminGameAccountServlet.java:[line 82] RV_RETURN_VALUE_IGNORED_BAD_PRACTICE
[ERROR] Medium: Class com.microshop.controller.AdminGameAccountServlet defines non-transient non-serializable instance field anhTaiKhoanDAO [com.microshop.controller.AdminGameAccountServlet] In AdminGameAccountServlet.java SE_BAD_FIELD
[ERROR] Medium: Class com.microshop.controller.AdminGameAccountServlet defines non-transient non-serializable instance field danhMucDAO [com.microshop.controller.AdminGameAccountServlet] In AdminGameAccountServlet.java SE_BAD_FIELD
[ERROR] Medium: Class com.microshop.controller.AdminGameAccountServlet defines non-transient non-serializable instance field freeFireDAO [com.microshop.controller.AdminGameAccountServlet] In AdminGameAccountServlet.java SE_BAD_FIELD
[ERROR] Medium: Class com.microshop.controller.AdminGameAccountServlet defines non-transient non-serializable instance field lienQuanDAO [com.microshop.controller.AdminGameAccountServlet] In AdminGameAccountServlet.java SE_BAD_FIELD
[ERROR] Medium: Class com.microshop.controller.AdminGameAccountServlet defines non-transient non-serializable instance field riotDAO [com.microshop.controller.AdminGameAccountServlet] In AdminGameAccountServlet.java SE_BAD_FIELD
[ERROR] Medium: Class com.microshop.controller.AdminGameAccountServlet defines non-transient non-serializable instance field taiKhoanDAO [com.microshop.controller.AdminGameAccountServlet] In AdminGameAccountServlet.java SE_BAD_FIELD
[ERROR] Low: com.microshop.controller.AdminGameAccountServlet is Serializable; consider declaring a serialVersionUID [com.microshop.controller.AdminGameAccountServlet] At AdminGameAccountServlet.java:[lines 51-412] SE_NO_SERIALVERSIONID
[ERROR] Medium: Switch statement found in com.microshop.controller.AdminGameAccountServlet.doPost(HttpServletRequest, HttpServletResponse) where default case is missing [com.microshop.controller.AdminGameAccountServlet] At AdminGameAccountServlet.java:[lines 113-118] SF_SWITCH_NO_DEFAULT
[ERROR] Medium: Unread field: com.microshop.controller.AdminGameAccountServlet.EXTERNAL_UPLOAD_PATH; should this field be static? [com.microshop.controller.AdminGameAccountServlet] At AdminGameAccountServlet.java:[line 62] SS_SHOULD_BE_STATIC
[ERROR] Medium: Class com.microshop.controller.AdminOrderServlet defines non-transient non-serializable instance field donHangDAO [com.microshop.controller.AdminOrderServlet] In AdminOrderServlet.java SE_BAD_FIELD
[ERROR] Medium: Class com.microshop.controller.AdminOrderServlet defines non-transient non-serializable instance field donHangSlotSteamDAO [com.microshop.controller.AdminOrderServlet] In AdminOrderServlet.java SE_BAD_FIELD
[ERROR] Medium: Class com.microshop.controller.AdminOrderServlet defines non-transient non-serializable instance field nguoiDungDAO [com.microshop.controller.AdminOrderServlet] In AdminOrderServlet.java SE_BAD_FIELD
[ERROR] Medium: Class com.microshop.controller.AdminOrderServlet defines non-transient non-serializable instance field taiKhoanDAO [com.microshop.controller.AdminOrderServlet] In AdminOrderServlet.java SE_BAD_FIELD
[ERROR] Medium: Class com.microshop.controller.AdminOrderServlet defines non-transient non-serializable instance field taiKhoanSteamDAO [com.microshop.controller.AdminOrderServlet] In AdminOrderServlet.java SE_BAD_FIELD
[ERROR] Low: com.microshop.controller.AdminOrderServlet is Serializable; consider declaring a serialVersionUID [com.microshop.controller.AdminOrderServlet] At AdminOrderServlet.java:[lines 26-158] SE_NO_SERIALVERSIONID
[ERROR] Low: Dead store to tieuDe2 in com.microshop.controller.AdminSteamGameServlet.saveSteamGame(HttpServletRequest, HttpServletResponse) [com.microshop.controller.AdminSteamGameServlet] At AdminSteamGameServlet.java:[line 234] DLS_DEAD_LOCAL_STORE
[ERROR] Low: Dead store to tieuDe3 in com.microshop.controller.AdminSteamGameServlet.saveSteamGame(HttpServletRequest, HttpServletResponse) [com.microshop.controller.AdminSteamGameServlet] At AdminSteamGameServlet.java:[line 251] DLS_DEAD_LOCAL_STORE
[ERROR] Medium: Possible null pointer dereference in com.microshop.controller.AdminSteamGameServlet.deleteFile(String) due to return value of called method [com.microshop.controller.AdminSteamGameServlet, com.microshop.controller.AdminSteamGameServlet] Dereferenced at AdminSteamGameServlet.java:[line 309]Known null at AdminSteamGameServlet.java:[line 309] NP_NULL_ON_SOME_PATH_FROM_RETURN_VALUE
[ERROR] Medium: Possible null pointer dereference in com.microshop.controller.AdminSteamGameServlet.saveFile(Part) due to return value of called method [com.microshop.controller.AdminSteamGameServlet, com.microshop.controller.AdminSteamGameServlet] Dereferenced at AdminSteamGameServlet.java:[line 287]Known null at AdminSteamGameServlet.java:[line 287] NP_NULL_ON_SOME_PATH_FROM_RETURN_VALUE
[ERROR] Medium: Exception is caught when Exception is not thrown in com.microshop.controller.AdminSteamGameServlet.saveSteamGame(HttpServletRequest, HttpServletResponse) [com.microshop.controller.AdminSteamGameServlet] At AdminSteamGameServlet.java:[line 267] REC_CATCH_EXCEPTION
[ERROR] Medium: Exceptional return value of java.io.File.delete() ignored in com.microshop.controller.AdminSteamGameServlet.deleteFile(String) [com.microshop.controller.AdminSteamGameServlet] At AdminSteamGameServlet.java:[line 316] RV_RETURN_VALUE_IGNORED_BAD_PRACTICE
[ERROR] Medium: Class com.microshop.controller.AdminSteamGameServlet defines non-transient non-serializable instance field baiVietDAO [com.microshop.controller.AdminSteamGameServlet] In AdminSteamGameServlet.java SE_BAD_FIELD
[ERROR] Medium: Class com.microshop.controller.AdminSteamGameServlet defines non-transient non-serializable instance field gameSteamDAO [com.microshop.controller.AdminSteamGameServlet] In AdminSteamGameServlet.java SE_BAD_FIELD
[ERROR] Low: com.microshop.controller.AdminSteamGameServlet is Serializable; consider declaring a serialVersionUID [com.microshop.controller.AdminSteamGameServlet] At AdminSteamGameServlet.java:[lines 39-321] SE_NO_SERIALVERSIONID
[ERROR] Medium: Switch statement found in com.microshop.controller.AdminSteamGameServlet.doPost(HttpServletRequest, HttpServletResponse) where default case is missing [com.microshop.controller.AdminSteamGameServlet] At AdminSteamGameServlet.java:[lines 79-84] SF_SWITCH_NO_DEFAULT
[ERROR] Medium: Unread field: com.microshop.controller.AdminSteamGameServlet.EXTERNAL_UPLOAD_PATH; should this field be static? [com.microshop.controller.AdminSteamGameServlet] At AdminSteamGameServlet.java:[line 44] SS_SHOULD_BE_STATIC
[ERROR] Medium: Class com.microshop.controller.HomeServlet defines non-transient non-serializable instance field gameSteamDAO [com.microshop.controller.HomeServlet] In HomeServlet.java SE_BAD_FIELD
[ERROR] Medium: Class com.microshop.controller.HomeServlet defines non-transient non-serializable instance field taiKhoanFreeFireDAO [com.microshop.controller.HomeServlet] In HomeServlet.java SE_BAD_FIELD
[ERROR] Medium: Class com.microshop.controller.HomeServlet defines non-transient non-serializable instance field taiKhoanLienQuanDAO [com.microshop.controller.HomeServlet] In HomeServlet.java SE_BAD_FIELD
[ERROR] Medium: Class com.microshop.controller.HomeServlet defines non-transient non-serializable instance field taiKhoanRiotDAO [com.microshop.controller.HomeServlet] In HomeServlet.java SE_BAD_FIELD
[ERROR] Low: com.microshop.controller.HomeServlet is Serializable; consider declaring a serialVersionUID [com.microshop.controller.HomeServlet] At HomeServlet.java:[lines 30-80] SE_NO_SERIALVERSIONID
[ERROR] Medium: Class com.microshop.controller.LoginServlet defines non-transient non-serializable instance field nguoiDungDAO [com.microshop.controller.LoginServlet] In LoginServlet.java SE_BAD_FIELD
[ERROR] Low: com.microshop.controller.LoginServlet is Serializable; consider declaring a serialVersionUID [com.microshop.controller.LoginServlet] At LoginServlet.java:[lines 20-103] SE_NO_SERIALVERSIONID
[ERROR] Low: com.microshop.controller.LogoutServlet is Serializable; consider declaring a serialVersionUID [com.microshop.controller.LogoutServlet] At LogoutServlet.java:[lines 16-37] SE_NO_SERIALVERSIONID
[ERROR] Medium: Class com.microshop.controller.OrderHistoryServlet defines non-transient non-serializable instance field donHangDAO [com.microshop.controller.OrderHistoryServlet] In OrderHistoryServlet.java SE_BAD_FIELD
[ERROR] Medium: Class com.microshop.controller.OrderHistoryServlet defines non-transient non-serializable instance field donHangSlotSteamDAO [com.microshop.controller.OrderHistoryServlet] In OrderHistoryServlet.java SE_BAD_FIELD
[ERROR] Low: com.microshop.controller.OrderHistoryServlet is Serializable; consider declaring a serialVersionUID [com.microshop.controller.OrderHistoryServlet] At OrderHistoryServlet.java:[lines 24-80] SE_NO_SERIALVERSIONID
[ERROR] Low: Use of non-localized String.toUpperCase() or String.toLowerCase() in com.microshop.controller.PaymentExecuteServlet.getTaiKhoanGame(int, String) [com.microshop.controller.PaymentExecuteServlet] At PaymentExecuteServlet.java:[line 249] DM_CONVERT_CASE
[ERROR] Medium: Class com.microshop.controller.PaymentExecuteServlet defines non-transient non-serializable instance field donhangDAO [com.microshop.controller.PaymentExecuteServlet] In PaymentExecuteServlet.java SE_BAD_FIELD
[ERROR] Medium: Class com.microshop.controller.PaymentExecuteServlet defines non-transient non-serializable instance field donhangsteamDAO [com.microshop.controller.PaymentExecuteServlet] In PaymentExecuteServlet.java SE_BAD_FIELD
[ERROR] Medium: Class com.microshop.controller.PaymentExecuteServlet defines non-transient non-serializable instance field freeFireDAO [com.microshop.controller.PaymentExecuteServlet] In PaymentExecuteServlet.java SE_BAD_FIELD
[ERROR] Medium: Class com.microshop.controller.PaymentExecuteServlet defines non-transient non-serializable instance field gamesteamDAO [com.microshop.controller.PaymentExecuteServlet] In PaymentExecuteServlet.java SE_BAD_FIELD
[ERROR] Medium: Class com.microshop.controller.PaymentExecuteServlet defines non-transient non-serializable instance field gametksteamDAO [com.microshop.controller.PaymentExecuteServlet] In PaymentExecuteServlet.java SE_BAD_FIELD
[ERROR] Medium: Class com.microshop.controller.PaymentExecuteServlet defines non-transient non-serializable instance field hangDao [com.microshop.controller.PaymentExecuteServlet] In PaymentExecuteServlet.java SE_BAD_FIELD
[ERROR] Medium: Class com.microshop.controller.PaymentExecuteServlet defines non-transient non-serializable instance field lienQuanDAO [com.microshop.controller.PaymentExecuteServlet] In PaymentExecuteServlet.java SE_BAD_FIELD
[ERROR] Medium: Class com.microshop.controller.PaymentExecuteServlet defines non-transient non-serializable instance field nguoiDungDAO [com.microshop.controller.PaymentExecuteServlet] In PaymentExecuteServlet.java SE_BAD_FIELD
[ERROR] Medium: Class com.microshop.controller.PaymentExecuteServlet defines non-transient non-serializable instance field riotDAO [com.microshop.controller.PaymentExecuteServlet] In PaymentExecuteServlet.java SE_BAD_FIELD
[ERROR] Medium: Class com.microshop.controller.PaymentExecuteServlet defines non-transient non-serializable instance field taiKhoanDAO [com.microshop.controller.PaymentExecuteServlet] In PaymentExecuteServlet.java SE_BAD_FIELD
[ERROR] Medium: Class com.microshop.controller.PaymentExecuteServlet defines non-transient non-serializable instance field tksteamDAO [com.microshop.controller.PaymentExecuteServlet] In PaymentExecuteServlet.java SE_BAD_FIELD
[ERROR] Low: com.microshop.controller.PaymentExecuteServlet is Serializable; consider declaring a serialVersionUID [com.microshop.controller.PaymentExecuteServlet] At PaymentExecuteServlet.java:[lines 37-257] SE_NO_SERIALVERSIONID
[ERROR] Medium: Unread field: com.microshop.controller.PaymentExecuteServlet.NGUONG_HUY_PHUT; should this field be static? [com.microshop.controller.PaymentExecuteServlet] At PaymentExecuteServlet.java:[line 50] SS_SHOULD_BE_STATIC
[ERROR] Medium: Class com.microshop.controller.PaymentInitiateServlet defines non-transient non-serializable instance field donhangDAO [com.microshop.controller.PaymentInitiateServlet] In PaymentInitiateServlet.java SE_BAD_FIELD
[ERROR] Medium: Class com.microshop.controller.PaymentInitiateServlet defines non-transient non-serializable instance field donhangslotsteamDAO [com.microshop.controller.PaymentInitiateServlet] In PaymentInitiateServlet.java SE_BAD_FIELD
[ERROR] Medium: Class com.microshop.controller.PaymentInitiateServlet defines non-transient non-serializable instance field gametksteamDAO [com.microshop.controller.PaymentInitiateServlet] In PaymentInitiateServlet.java SE_BAD_FIELD
[ERROR] Medium: Class com.microshop.controller.PaymentInitiateServlet defines non-transient non-serializable instance field taikhoanDAO [com.microshop.controller.PaymentInitiateServlet] In PaymentInitiateServlet.java SE_BAD_FIELD
[ERROR] Medium: Class com.microshop.controller.PaymentInitiateServlet defines non-transient non-serializable instance field taikhoansteamDAO [com.microshop.controller.PaymentInitiateServlet] In PaymentInitiateServlet.java SE_BAD_FIELD
[ERROR] Low: com.microshop.controller.PaymentInitiateServlet is Serializable; consider declaring a serialVersionUID [com.microshop.controller.PaymentInitiateServlet] At PaymentInitiateServlet.java:[lines 33-217] SE_NO_SERIALVERSIONID
[ERROR] Medium: Unread field: com.microshop.controller.PaymentInitiateServlet.NGUONG_HUY_PHUT; should this field be static? [com.microshop.controller.PaymentInitiateServlet] At PaymentInitiateServlet.java:[line 40] SS_SHOULD_BE_STATIC
[ERROR] Medium: Possible null pointer dereference of donhang in com.microshop.controller.PaymentSuccessServlet.doPost(HttpServletRequest, HttpServletResponse) [com.microshop.controller.PaymentSuccessServlet, com.microshop.controller.PaymentSuccessServlet, com.microshop.controller.PaymentSuccessServlet] Dereferenced at PaymentSuccessServlet.java:[line 89]Null value at PaymentSuccessServlet.java:[line 83]Known null at PaymentSuccessServlet.java:[line 84] NP_NULL_ON_SOME_PATH
[ERROR] Medium: Class com.microshop.controller.PaymentSuccessServlet defines non-transient non-serializable instance field donHangDAO [com.microshop.controller.PaymentSuccessServlet] In PaymentSuccessServlet.java SE_BAD_FIELD
[ERROR] Medium: Class com.microshop.controller.PaymentSuccessServlet defines non-transient non-serializable instance field donHangSlotSteamDAO [com.microshop.controller.PaymentSuccessServlet] In PaymentSuccessServlet.java SE_BAD_FIELD
[ERROR] Medium: Class com.microshop.controller.PaymentSuccessServlet defines non-transient non-serializable instance field nguoidungDAO [com.microshop.controller.PaymentSuccessServlet] In PaymentSuccessServlet.java SE_BAD_FIELD
[ERROR] Medium: Class com.microshop.controller.PaymentSuccessServlet defines non-transient non-serializable instance field taiKhoanDAO [com.microshop.controller.PaymentSuccessServlet] In PaymentSuccessServlet.java SE_BAD_FIELD
[ERROR] Medium: Class com.microshop.controller.PaymentSuccessServlet defines non-transient non-serializable instance field taiKhoanSteamDAO [com.microshop.controller.PaymentSuccessServlet] In PaymentSuccessServlet.java SE_BAD_FIELD
[ERROR] Low: com.microshop.controller.PaymentSuccessServlet is Serializable; consider declaring a serialVersionUID [com.microshop.controller.PaymentSuccessServlet] At PaymentSuccessServlet.java:[lines 29-137] SE_NO_SERIALVERSIONID
[ERROR] Low: com.microshop.controller.PolicyServlet is Serializable; consider declaring a serialVersionUID [com.microshop.controller.PolicyServlet] At PolicyServlet.java:[lines 11-18] SE_NO_SERIALVERSIONID
[ERROR] Medium: Class com.microshop.controller.ProfileEditServlet defines non-transient non-serializable instance field nguoiDungDAO [com.microshop.controller.ProfileEditServlet] In ProfileEditServlet.java SE_BAD_FIELD
[ERROR] Low: com.microshop.controller.ProfileEditServlet is Serializable; consider declaring a serialVersionUID [com.microshop.controller.ProfileEditServlet] At ProfileEditServlet.java:[lines 21-136] SE_NO_SERIALVERSIONID
[ERROR] Medium: Class com.microshop.controller.ProfileServlet defines non-transient non-serializable instance field hangDao [com.microshop.controller.ProfileServlet] In ProfileServlet.java SE_BAD_FIELD
[ERROR] Medium: Class com.microshop.controller.ProfileServlet defines non-transient non-serializable instance field nguoiDungDAO [com.microshop.controller.ProfileServlet] In ProfileServlet.java SE_BAD_FIELD
[ERROR] Low: com.microshop.controller.ProfileServlet is Serializable; consider declaring a serialVersionUID [com.microshop.controller.ProfileServlet] At ProfileServlet.java:[lines 19-80] SE_NO_SERIALVERSIONID
[ERROR] Medium: Class com.microshop.controller.RegisterServlet defines non-transient non-serializable instance field nguoiDungDAO [com.microshop.controller.RegisterServlet] In RegisterServlet.java SE_BAD_FIELD
[ERROR] Low: com.microshop.controller.RegisterServlet is Serializable; consider declaring a serialVersionUID [com.microshop.controller.RegisterServlet] At RegisterServlet.java:[lines 20-113] SE_NO_SERIALVERSIONID
[ERROR] Low: Redundant nullcheck of accounts, which is known to be non-null in com.microshop.controller.SteamGameServlet.handleDetail(HttpServletRequest, HttpServletResponse) [com.microshop.controller.SteamGameServlet] Redundant null check at SteamGameServlet.java:[line 111] RCN_REDUNDANT_NULLCHECK_OF_NONNULL_VALUE
[ERROR] Low: Redundant nullcheck of listBaiViet, which is known to be non-null in com.microshop.controller.SteamGameServlet.handleDetail(HttpServletRequest, HttpServletResponse) [com.microshop.controller.SteamGameServlet] Redundant null check at SteamGameServlet.java:[line 131] RCN_REDUNDANT_NULLCHECK_OF_NONNULL_VALUE
[ERROR] Medium: Class com.microshop.controller.SteamGameServlet defines non-transient non-serializable instance field baiVietDAO [com.microshop.controller.SteamGameServlet] In SteamGameServlet.java SE_BAD_FIELD
[ERROR] Medium: Class com.microshop.controller.SteamGameServlet defines non-transient non-serializable instance field gameSteamDAO [com.microshop.controller.SteamGameServlet] In SteamGameServlet.java SE_BAD_FIELD
[ERROR] Medium: Class com.microshop.controller.SteamGameServlet defines non-transient non-serializable instance field gameTkSteamDAO [com.microshop.controller.SteamGameServlet] In SteamGameServlet.java SE_BAD_FIELD
[ERROR] Low: com.microshop.controller.SteamGameServlet is Serializable; consider declaring a serialVersionUID [com.microshop.controller.SteamGameServlet] At SteamGameServlet.java:[lines 18-157] SE_NO_SERIALVERSIONID
[ERROR] Low: Use of non-localized String.toUpperCase() or String.toLowerCase() in com.microshop.controller.TaiKhoanGameServlet.handleDetail(HttpServletRequest, HttpServletResponse) [com.microshop.controller.TaiKhoanGameServlet] At TaiKhoanGameServlet.java:[line 104] DM_CONVERT_CASE
[ERROR] Low: Use of non-localized String.toUpperCase() or String.toLowerCase() in com.microshop.controller.TaiKhoanGameServlet.handleList(HttpServletRequest, HttpServletResponse) [com.microshop.controller.TaiKhoanGameServlet] At TaiKhoanGameServlet.java:[line 47] DM_CONVERT_CASE
[ERROR] Medium: Possible null pointer dereference of null in com.microshop.controller.TaiKhoanGameServlet.handleList(HttpServletRequest, HttpServletResponse) [com.microshop.controller.TaiKhoanGameServlet, com.microshop.controller.TaiKhoanGameServlet] Dereferenced at TaiKhoanGameServlet.java:[line 68]Known null at TaiKhoanGameServlet.java:[line 51] NP_NULL_ON_SOME_PATH
[ERROR] Medium: Class com.microshop.controller.TaiKhoanGameServlet defines non-transient non-serializable instance field anhDAO [com.microshop.controller.TaiKhoanGameServlet] In TaiKhoanGameServlet.java SE_BAD_FIELD
[ERROR] Medium: Class com.microshop.controller.TaiKhoanGameServlet defines non-transient non-serializable instance field freeFireDAO [com.microshop.controller.TaiKhoanGameServlet] In TaiKhoanGameServlet.java SE_BAD_FIELD
[ERROR] Medium: Class com.microshop.controller.TaiKhoanGameServlet defines non-transient non-serializable instance field lienQuanDAO [com.microshop.controller.TaiKhoanGameServlet] In TaiKhoanGameServlet.java SE_BAD_FIELD
[ERROR] Medium: Class com.microshop.controller.TaiKhoanGameServlet defines non-transient non-serializable instance field riotDAO [com.microshop.controller.TaiKhoanGameServlet] In TaiKhoanGameServlet.java SE_BAD_FIELD
[ERROR] Low: com.microshop.controller.TaiKhoanGameServlet is Serializable; consider declaring a serialVersionUID [com.microshop.controller.TaiKhoanGameServlet] At TaiKhoanGameServlet.java:[lines 15-124] SE_NO_SERIALVERSIONID
[ERROR] Medium: Class com.microshop.controller.ViewPurchasedAccountServlet defines non-transient non-serializable instance field donhangDAO [com.microshop.controller.ViewPurchasedAccountServlet] In ViewPurchasedAccountServlet.java SE_BAD_FIELD
[ERROR] Medium: Class com.microshop.controller.ViewPurchasedAccountServlet defines non-transient non-serializable instance field donhangslotsteamDAO [com.microshop.controller.ViewPurchasedAccountServlet] In ViewPurchasedAccountServlet.java SE_BAD_FIELD
[ERROR] Medium: Class com.microshop.controller.ViewPurchasedAccountServlet defines non-transient non-serializable instance field gamesteamDAO [com.microshop.controller.ViewPurchasedAccountServlet] In ViewPurchasedAccountServlet.java SE_BAD_FIELD
[ERROR] Medium: Class com.microshop.controller.ViewPurchasedAccountServlet defines non-transient non-serializable instance field taikhoanDAO [com.microshop.controller.ViewPurchasedAccountServlet] In ViewPurchasedAccountServlet.java SE_BAD_FIELD
[ERROR] Medium: Class com.microshop.controller.ViewPurchasedAccountServlet defines non-transient non-serializable instance field taikhoansteamDAO [com.microshop.controller.ViewPurchasedAccountServlet] In ViewPurchasedAccountServlet.java SE_BAD_FIELD
[ERROR] Low: com.microshop.controller.ViewPurchasedAccountServlet is Serializable; consider declaring a serialVersionUID [com.microshop.controller.ViewPurchasedAccountServlet] At ViewPurchasedAccountServlet.java:[lines 35-96] SE_NO_SERIALVERSIONID
[ERROR] Low: A prepared statement is generated from a nonconstant String in com.microshop.dao.TaiKhoanSteamDAO.updateSoSlotDaBan(Integer, int) [com.microshop.dao.TaiKhoanSteamDAO] At TaiKhoanSteamDAO.java:[line 121] SQL_PREPARED_STATEMENT_GENERATED_FROM_NONCONSTANT_STRING
[ERROR] Low: A prepared statement is generated from a nonconstant String in com.microshop.dao.TaiKhoanSteamDAO.updateSoSlotDaBan(Connection, Integer, int) [com.microshop.dao.TaiKhoanSteamDAO] At TaiKhoanSteamDAO.java:[line 147] SQL_PREPARED_STATEMENT_GENERATED_FROM_NONCONSTANT_STRING
[ERROR] Low: Unchecked/unconfirmed cast from jakarta.servlet.ServletResponse to jakarta.servlet.http.HttpServletResponse in com.microshop.filter.AuthenticationFilter.doFilter(ServletRequest, ServletResponse, FilterChain) [com.microshop.filter.AuthenticationFilter] At AuthenticationFilter.java:[line 22] BC_UNCONFIRMED_CAST
[ERROR] Low: Unchecked/unconfirmed cast from jakarta.servlet.ServletResponse to jakarta.servlet.http.HttpServletResponse in com.microshop.filter.AuthorizationFilter.doFilter(ServletRequest, ServletResponse, FilterChain) [com.microshop.filter.AuthorizationFilter] At AuthorizationFilter.java:[line 23] BC_UNCONFIRMED_CAST
[ERROR] Medium: new com.microshop.listener.OrderCleanupTask(DonHangDAO, DonHangSlotSteamDAO, int) may expose internal representation by storing an externally mutable object into OrderCleanupTask.donHangDAO [com.microshop.listener.OrderCleanupTask] At OrderCleanupTask.java:[line 27] EI_EXPOSE_REP2
[ERROR] Medium: new com.microshop.listener.OrderCleanupTask(DonHangDAO, DonHangSlotSteamDAO, int) may expose internal representation by storing an externally mutable object into OrderCleanupTask.donHangSlotSteamDAO [com.microshop.listener.OrderCleanupTask] At OrderCleanupTask.java:[line 28] EI_EXPOSE_REP2
[INFO] 


To see bug detail using the Spotbugs GUI, use the following command "mvn spotbugs:gui"



[INFO] ------------------------------------------------------------------------
[INFO] BUILD SUCCESS
[INFO] ------------------------------------------------------------------------
[INFO] Total time:  12.743 s
[INFO] Finished at: 2026-02-25T21:48:09+07:00
[INFO] ------------------------------------------------------------------------
